[0.260s] DEBUG:colcon:Command line arguments: ['/usr/bin/colcon', 'build', '--packages-select', 'text_to_cmd_vel']
[0.260s] DEBUG:colcon:Parsed command line arguments: Namespace(log_base=None, log_level=None, verb_name='build', build_base='build', install_base='install', merge_install=False, symlink_install=False, test_result_base=None, continue_on_error=False, executor='parallel', parallel_workers=12, event_handlers=None, ignore_user_meta=False, metas=['./colcon.meta'], base_paths=['.'], packages_ignore=None, packages_ignore_regex=None, paths=None, packages_up_to=None, packages_up_to_regex=None, packages_above=None, packages_above_and_dependencies=None, packages_above_depth=None, packages_select_by_dep=None, packages_skip_by_dep=None, packages_skip_up_to=None, packages_select_build_failed=False, packages_skip_build_finished=False, packages_select_test_failures=False, packages_skip_test_passed=False, packages_select=['text_to_cmd_vel'], packages_skip=None, packages_select_regex=None, packages_skip_regex=None, packages_start=None, packages_end=None, allow_overriding=[], cmake_args=None, cmake_target=None, cmake_target_skip_unavailable=False, cmake_clean_cache=False, cmake_clean_first=False, cmake_force_configure=False, ament_cmake_args=None, catkin_cmake_args=None, catkin_skip_building_tests=False, mixin_files=None, mixin=None, verb_parser=<colcon_mixin.mixin.mixin_argument.MixinArgumentDecorator object at 0x7f50e614de40>, verb_extension=<colcon_core.verb.build.BuildVerb object at 0x7f50e614d8d0>, main=<bound method BuildVerb.main of <colcon_core.verb.build.BuildVerb object at 0x7f50e614d8d0>>, mixin_verb=('build',))
[0.572s] Level 1:colcon.colcon_core.package_discovery:discover_packages(colcon_meta) check parameters
[0.572s] Level 1:colcon.colcon_core.package_discovery:discover_packages(recursive) check parameters
[0.572s] Level 1:colcon.colcon_core.package_discovery:discover_packages(ignore) check parameters
[0.572s] Level 1:colcon.colcon_core.package_discovery:discover_packages(path) check parameters
[0.572s] Level 1:colcon.colcon_core.package_discovery:discover_packages(colcon_meta) discover
[0.572s] Level 1:colcon.colcon_core.package_discovery:discover_packages(recursive) discover
[0.572s] INFO:colcon.colcon_core.package_discovery:Crawling recursively for packages in '/home/shaman/ros2_ws/src/ROS-N2/ex10'
[0.572s] Level 1:colcon.colcon_core.package_identification:_identify(.) by extensions ['ignore', 'ignore_ament_install']
[0.572s] Level 1:colcon.colcon_core.package_identification:_identify(.) by extension 'ignore'
[0.572s] Level 1:colcon.colcon_core.package_identification:_identify(.) by extension 'ignore_ament_install'
[0.573s] Level 1:colcon.colcon_core.package_identification:_identify(.) by extensions ['colcon_pkg']
[0.573s] Level 1:colcon.colcon_core.package_identification:_identify(.) by extension 'colcon_pkg'
[0.573s] Level 1:colcon.colcon_core.package_identification:_identify(.) by extensions ['colcon_meta']
[0.573s] Level 1:colcon.colcon_core.package_identification:_identify(.) by extension 'colcon_meta'
[0.573s] Level 1:colcon.colcon_core.package_identification:_identify(.) by extensions ['ros']
[0.573s] Level 1:colcon.colcon_core.package_identification:_identify(.) by extension 'ros'
[0.586s] Level 1:colcon.colcon_core.package_identification:_identify(.) by extensions ['cmake', 'python']
[0.586s] Level 1:colcon.colcon_core.package_identification:_identify(.) by extension 'cmake'
[0.586s] Level 1:colcon.colcon_core.package_identification:_identify(.) by extension 'python'
[0.586s] Level 1:colcon.colcon_core.package_identification:_identify(.) by extensions ['python_setup_py']
[0.586s] Level 1:colcon.colcon_core.package_identification:_identify(.) by extension 'python_setup_py'
[0.586s] Level 1:colcon.colcon_core.package_identification:_identify(build) by extensions ['ignore', 'ignore_ament_install']
[0.586s] Level 1:colcon.colcon_core.package_identification:_identify(build) by extension 'ignore'
[0.586s] Level 1:colcon.colcon_core.package_identification:_identify(build) ignored
[0.587s] Level 1:colcon.colcon_core.package_identification:_identify(install) by extensions ['ignore', 'ignore_ament_install']
[0.587s] Level 1:colcon.colcon_core.package_identification:_identify(install) by extension 'ignore'
[0.587s] Level 1:colcon.colcon_core.package_identification:_identify(install) ignored
[0.587s] Level 1:colcon.colcon_core.package_identification:_identify(log) by extensions ['ignore', 'ignore_ament_install']
[0.587s] Level 1:colcon.colcon_core.package_identification:_identify(log) by extension 'ignore'
[0.587s] Level 1:colcon.colcon_core.package_identification:_identify(log) ignored
[0.587s] Level 1:colcon.colcon_core.package_identification:_identify(text_to_cmd_vel) by extensions ['ignore', 'ignore_ament_install']
[0.587s] Level 1:colcon.colcon_core.package_identification:_identify(text_to_cmd_vel) by extension 'ignore'
[0.587s] Level 1:colcon.colcon_core.package_identification:_identify(text_to_cmd_vel) by extension 'ignore_ament_install'
[0.587s] Level 1:colcon.colcon_core.package_identification:_identify(text_to_cmd_vel) by extensions ['colcon_pkg']
[0.587s] Level 1:colcon.colcon_core.package_identification:_identify(text_to_cmd_vel) by extension 'colcon_pkg'
[0.587s] Level 1:colcon.colcon_core.package_identification:_identify(text_to_cmd_vel) by extensions ['colcon_meta']
[0.587s] Level 1:colcon.colcon_core.package_identification:_identify(text_to_cmd_vel) by extension 'colcon_meta'
[0.587s] Level 1:colcon.colcon_core.package_identification:_identify(text_to_cmd_vel) by extensions ['ros']
[0.587s] Level 1:colcon.colcon_core.package_identification:_identify(text_to_cmd_vel) by extension 'ros'
[0.591s] DEBUG:colcon.colcon_core.package_identification:Package 'text_to_cmd_vel' with type 'ros.ament_cmake' and name 'text_to_cmd_vel'
[0.591s] Level 1:colcon.colcon_core.package_discovery:discover_packages(recursive) using defaults
[0.591s] Level 1:colcon.colcon_core.package_discovery:discover_packages(ignore) discover
[0.591s] Level 1:colcon.colcon_core.package_discovery:discover_packages(ignore) using defaults
[0.591s] Level 1:colcon.colcon_core.package_discovery:discover_packages(path) discover
[0.591s] Level 1:colcon.colcon_core.package_discovery:discover_packages(path) using defaults
[0.619s] Level 1:colcon.colcon_core.package_discovery:discover_packages(prefix_path) check parameters
[0.619s] Level 1:colcon.colcon_core.package_discovery:discover_packages(prefix_path) discover
[0.622s] DEBUG:colcon.colcon_installed_package_information.package_discovery:Found 1 installed packages in /home/shaman/ros2_ws/src/ROS_N3/ex01/install
[0.622s] DEBUG:colcon.colcon_installed_package_information.package_discovery:Found 1 installed packages in /home/shaman/ros2_ws/install
[0.623s] DEBUG:colcon.colcon_installed_package_information.package_discovery:Found 293 installed packages in /opt/ros/humble
[0.626s] Level 1:colcon.colcon_core.package_discovery:discover_packages(prefix_path) using defaults
[0.664s] Level 5:colcon.colcon_core.verb:set package 'text_to_cmd_vel' build argument 'cmake_args' from command line to 'None'
[0.664s] Level 5:colcon.colcon_core.verb:set package 'text_to_cmd_vel' build argument 'cmake_target' from command line to 'None'
[0.664s] Level 5:colcon.colcon_core.verb:set package 'text_to_cmd_vel' build argument 'cmake_target_skip_unavailable' from command line to 'False'
[0.665s] Level 5:colcon.colcon_core.verb:set package 'text_to_cmd_vel' build argument 'cmake_clean_cache' from command line to 'False'
[0.665s] Level 5:colcon.colcon_core.verb:set package 'text_to_cmd_vel' build argument 'cmake_clean_first' from command line to 'False'
[0.665s] Level 5:colcon.colcon_core.verb:set package 'text_to_cmd_vel' build argument 'cmake_force_configure' from command line to 'False'
[0.665s] Level 5:colcon.colcon_core.verb:set package 'text_to_cmd_vel' build argument 'ament_cmake_args' from command line to 'None'
[0.665s] Level 5:colcon.colcon_core.verb:set package 'text_to_cmd_vel' build argument 'catkin_cmake_args' from command line to 'None'
[0.665s] Level 5:colcon.colcon_core.verb:set package 'text_to_cmd_vel' build argument 'catkin_skip_building_tests' from command line to 'False'
[0.665s] DEBUG:colcon.colcon_core.verb:Building package 'text_to_cmd_vel' with the following arguments: {'ament_cmake_args': None, 'build_base': '/home/shaman/ros2_ws/src/ROS-N2/ex10/build/text_to_cmd_vel', 'catkin_cmake_args': None, 'catkin_skip_building_tests': False, 'cmake_args': None, 'cmake_clean_cache': False, 'cmake_clean_first': False, 'cmake_force_configure': False, 'cmake_target': None, 'cmake_target_skip_unavailable': False, 'install_base': '/home/shaman/ros2_ws/src/ROS-N2/ex10/install/text_to_cmd_vel', 'merge_install': False, 'path': '/home/shaman/ros2_ws/src/ROS-N2/ex10/text_to_cmd_vel', 'symlink_install': False, 'test_result_base': None}
[0.665s] INFO:colcon.colcon_core.executor:Executing jobs using 'parallel' executor
[0.665s] DEBUG:colcon.colcon_parallel_executor.executor.parallel:run_until_complete
[0.666s] INFO:colcon.colcon_ros.task.ament_cmake.build:Building ROS package in '/home/shaman/ros2_ws/src/ROS-N2/ex10/text_to_cmd_vel' with build type 'ament_cmake'
[0.666s] INFO:colcon.colcon_cmake.task.cmake.build:Building CMake package in '/home/shaman/ros2_ws/src/ROS-N2/ex10/text_to_cmd_vel'
[0.669s] INFO:colcon.colcon_core.plugin_system:Skipping extension 'colcon_core.shell.bat': Not used on non-Windows systems
[0.669s] INFO:colcon.colcon_core.shell:Skip shell extension 'powershell' for command environment: Not usable outside of PowerShell
[0.669s] DEBUG:colcon.colcon_core.shell:Skip shell extension 'dsv' for command environment
[0.674s] DEBUG:colcon.colcon_core.event_handler.log_command:Invoking command in '/home/shaman/ros2_ws/src/ROS-N2/ex10/build/text_to_cmd_vel': CMAKE_PREFIX_PATH=${CMAKE_PREFIX_PATH}:/opt/ros/humble /usr/bin/cmake /home/shaman/ros2_ws/src/ROS-N2/ex10/text_to_cmd_vel -DCMAKE_INSTALL_PREFIX=/home/shaman/ros2_ws/src/ROS-N2/ex10/install/text_to_cmd_vel
[3.830s] DEBUG:colcon.colcon_core.event_handler.log_command:Invoked command in '/home/shaman/ros2_ws/src/ROS-N2/ex10/build/text_to_cmd_vel' returned '0': CMAKE_PREFIX_PATH=${CMAKE_PREFIX_PATH}:/opt/ros/humble /usr/bin/cmake /home/shaman/ros2_ws/src/ROS-N2/ex10/text_to_cmd_vel -DCMAKE_INSTALL_PREFIX=/home/shaman/ros2_ws/src/ROS-N2/ex10/install/text_to_cmd_vel
[3.837s] DEBUG:colcon.colcon_core.event_handler.log_command:Invoking command in '/home/shaman/ros2_ws/src/ROS-N2/ex10/build/text_to_cmd_vel': CMAKE_PREFIX_PATH=${CMAKE_PREFIX_PATH}:/opt/ros/humble /usr/bin/cmake --build /home/shaman/ros2_ws/src/ROS-N2/ex10/build/text_to_cmd_vel -- -j12 -l12
[10.106s] DEBUG:colcon.colcon_core.event_handler.log_command:Invoked command in '/home/shaman/ros2_ws/src/ROS-N2/ex10/build/text_to_cmd_vel' returned '0': CMAKE_PREFIX_PATH=${CMAKE_PREFIX_PATH}:/opt/ros/humble /usr/bin/cmake --build /home/shaman/ros2_ws/src/ROS-N2/ex10/build/text_to_cmd_vel -- -j12 -l12
[10.177s] DEBUG:colcon.colcon_core.event_handler.log_command:Invoking command in '/home/shaman/ros2_ws/src/ROS-N2/ex10/build/text_to_cmd_vel': CMAKE_PREFIX_PATH=${CMAKE_PREFIX_PATH}:/opt/ros/humble /usr/bin/cmake --install /home/shaman/ros2_ws/src/ROS-N2/ex10/build/text_to_cmd_vel
[10.215s] Level 1:colcon.colcon_core.environment:create_environment_scripts_only(text_to_cmd_vel)
[10.216s] DEBUG:colcon.colcon_core.event_handler.log_command:Invoked command in '/home/shaman/ros2_ws/src/ROS-N2/ex10/build/text_to_cmd_vel' returned '0': CMAKE_PREFIX_PATH=${CMAKE_PREFIX_PATH}:/opt/ros/humble /usr/bin/cmake --install /home/shaman/ros2_ws/src/ROS-N2/ex10/build/text_to_cmd_vel
[10.235s] Level 1:colcon.colcon_core.environment:checking '/home/shaman/ros2_ws/src/ROS-N2/ex10/install/text_to_cmd_vel' for CMake module files
[10.236s] Level 1:colcon.colcon_core.environment:checking '/home/shaman/ros2_ws/src/ROS-N2/ex10/install/text_to_cmd_vel' for CMake config files
[10.237s] Level 1:colcon.colcon_core.shell:create_environment_hook('text_to_cmd_vel', 'cmake_prefix_path')
[10.237s] INFO:colcon.colcon_core.shell:Creating environment hook '/home/shaman/ros2_ws/src/ROS-N2/ex10/install/text_to_cmd_vel/share/text_to_cmd_vel/hook/cmake_prefix_path.ps1'
[10.239s] INFO:colcon.colcon_core.shell:Creating environment descriptor '/home/shaman/ros2_ws/src/ROS-N2/ex10/install/text_to_cmd_vel/share/text_to_cmd_vel/hook/cmake_prefix_path.dsv'
[10.241s] INFO:colcon.colcon_core.shell:Creating environment hook '/home/shaman/ros2_ws/src/ROS-N2/ex10/install/text_to_cmd_vel/share/text_to_cmd_vel/hook/cmake_prefix_path.sh'
[10.243s] Level 1:colcon.colcon_core.environment:checking '/home/shaman/ros2_ws/src/ROS-N2/ex10/install/text_to_cmd_vel/lib'
[10.244s] Level 1:colcon.colcon_core.environment:checking '/home/shaman/ros2_ws/src/ROS-N2/ex10/install/text_to_cmd_vel/bin'
[10.244s] Level 1:colcon.colcon_core.environment:checking '/home/shaman/ros2_ws/src/ROS-N2/ex10/install/text_to_cmd_vel/lib/pkgconfig/text_to_cmd_vel.pc'
[10.245s] Level 1:colcon.colcon_core.environment:checking '/home/shaman/ros2_ws/src/ROS-N2/ex10/install/text_to_cmd_vel/lib/python3.10/site-packages'
[10.246s] Level 1:colcon.colcon_core.environment:checking '/home/shaman/ros2_ws/src/ROS-N2/ex10/install/text_to_cmd_vel/bin'
[10.246s] INFO:colcon.colcon_core.shell:Creating package script '/home/shaman/ros2_ws/src/ROS-N2/ex10/install/text_to_cmd_vel/share/text_to_cmd_vel/package.ps1'
[10.249s] INFO:colcon.colcon_core.shell:Creating package descriptor '/home/shaman/ros2_ws/src/ROS-N2/ex10/install/text_to_cmd_vel/share/text_to_cmd_vel/package.dsv'
[10.250s] INFO:colcon.colcon_core.shell:Creating package script '/home/shaman/ros2_ws/src/ROS-N2/ex10/install/text_to_cmd_vel/share/text_to_cmd_vel/package.sh'
[10.253s] INFO:colcon.colcon_core.shell:Creating package script '/home/shaman/ros2_ws/src/ROS-N2/ex10/install/text_to_cmd_vel/share/text_to_cmd_vel/package.bash'
[10.255s] INFO:colcon.colcon_core.shell:Creating package script '/home/shaman/ros2_ws/src/ROS-N2/ex10/install/text_to_cmd_vel/share/text_to_cmd_vel/package.zsh'
[10.257s] Level 1:colcon.colcon_core.environment:create_file_with_runtime_dependencies(/home/shaman/ros2_ws/src/ROS-N2/ex10/install/text_to_cmd_vel/share/colcon-core/packages/text_to_cmd_vel)
[10.325s] Level 1:colcon.colcon_core.environment:create_environment_scripts_only(text_to_cmd_vel)
[10.326s] Level 1:colcon.colcon_core.environment:checking '/home/shaman/ros2_ws/src/ROS-N2/ex10/install/text_to_cmd_vel' for CMake module files
[10.327s] Level 1:colcon.colcon_core.environment:checking '/home/shaman/ros2_ws/src/ROS-N2/ex10/install/text_to_cmd_vel' for CMake config files
[10.328s] Level 1:colcon.colcon_core.shell:create_environment_hook('text_to_cmd_vel', 'cmake_prefix_path')
[10.328s] INFO:colcon.colcon_core.shell:Creating environment hook '/home/shaman/ros2_ws/src/ROS-N2/ex10/install/text_to_cmd_vel/share/text_to_cmd_vel/hook/cmake_prefix_path.ps1'
[10.330s] INFO:colcon.colcon_core.shell:Creating environment descriptor '/home/shaman/ros2_ws/src/ROS-N2/ex10/install/text_to_cmd_vel/share/text_to_cmd_vel/hook/cmake_prefix_path.dsv'
[10.330s] INFO:colcon.colcon_core.shell:Creating environment hook '/home/shaman/ros2_ws/src/ROS-N2/ex10/install/text_to_cmd_vel/share/text_to_cmd_vel/hook/cmake_prefix_path.sh'
[10.332s] Level 1:colcon.colcon_core.environment:checking '/home/shaman/ros2_ws/src/ROS-N2/ex10/install/text_to_cmd_vel/lib'
[10.332s] Level 1:colcon.colcon_core.environment:checking '/home/shaman/ros2_ws/src/ROS-N2/ex10/install/text_to_cmd_vel/bin'
[10.332s] Level 1:colcon.colcon_core.environment:checking '/home/shaman/ros2_ws/src/ROS-N2/ex10/install/text_to_cmd_vel/lib/pkgconfig/text_to_cmd_vel.pc'
[10.333s] Level 1:colcon.colcon_core.environment:checking '/home/shaman/ros2_ws/src/ROS-N2/ex10/install/text_to_cmd_vel/lib/python3.10/site-packages'
[10.334s] Level 1:colcon.colcon_core.environment:checking '/home/shaman/ros2_ws/src/ROS-N2/ex10/install/text_to_cmd_vel/bin'
[10.335s] INFO:colcon.colcon_core.shell:Creating package script '/home/shaman/ros2_ws/src/ROS-N2/ex10/install/text_to_cmd_vel/share/text_to_cmd_vel/package.ps1'
[10.336s] INFO:colcon.colcon_core.shell:Creating package descriptor '/home/shaman/ros2_ws/src/ROS-N2/ex10/install/text_to_cmd_vel/share/text_to_cmd_vel/package.dsv'
[10.338s] INFO:colcon.colcon_core.shell:Creating package script '/home/shaman/ros2_ws/src/ROS-N2/ex10/install/text_to_cmd_vel/share/text_to_cmd_vel/package.sh'
[10.339s] INFO:colcon.colcon_core.shell:Creating package script '/home/shaman/ros2_ws/src/ROS-N2/ex10/install/text_to_cmd_vel/share/text_to_cmd_vel/package.bash'
[10.340s] INFO:colcon.colcon_core.shell:Creating package script '/home/shaman/ros2_ws/src/ROS-N2/ex10/install/text_to_cmd_vel/share/text_to_cmd_vel/package.zsh'
[10.341s] Level 1:colcon.colcon_core.environment:create_file_with_runtime_dependencies(/home/shaman/ros2_ws/src/ROS-N2/ex10/install/text_to_cmd_vel/share/colcon-core/packages/text_to_cmd_vel)
[10.342s] DEBUG:colcon.colcon_parallel_executor.executor.parallel:closing loop
[10.342s] DEBUG:colcon.colcon_parallel_executor.executor.parallel:loop closed
[10.343s] DEBUG:colcon.colcon_parallel_executor.executor.parallel:run_until_complete finished with '0'
[10.343s] DEBUG:colcon.colcon_core.event_reactor:joining thread
[10.359s] INFO:colcon.colcon_core.plugin_system:Skipping extension 'colcon_notification.desktop_notification.terminal_notifier': Not used on non-Darwin systems
[10.359s] INFO:colcon.colcon_core.plugin_system:Skipping extension 'colcon_notification.desktop_notification.win32': Not used on non-Windows systems
[10.359s] INFO:colcon.colcon_notification.desktop_notification:Sending desktop notification using 'notify2'
[10.412s] DEBUG:colcon.colcon_core.event_reactor:joined thread
[10.413s] INFO:colcon.colcon_core.shell:Creating prefix script '/home/shaman/ros2_ws/src/ROS-N2/ex10/install/local_setup.ps1'
[10.415s] INFO:colcon.colcon_core.shell:Creating prefix util module '/home/shaman/ros2_ws/src/ROS-N2/ex10/install/_local_setup_util_ps1.py'
[10.420s] INFO:colcon.colcon_core.shell:Creating prefix chain script '/home/shaman/ros2_ws/src/ROS-N2/ex10/install/setup.ps1'
[10.423s] INFO:colcon.colcon_core.shell:Creating prefix script '/home/shaman/ros2_ws/src/ROS-N2/ex10/install/local_setup.sh'
[10.425s] INFO:colcon.colcon_core.shell:Creating prefix util module '/home/shaman/ros2_ws/src/ROS-N2/ex10/install/_local_setup_util_sh.py'
[10.426s] INFO:colcon.colcon_core.shell:Creating prefix chain script '/home/shaman/ros2_ws/src/ROS-N2/ex10/install/setup.sh'
[10.430s] INFO:colcon.colcon_core.shell:Creating prefix script '/home/shaman/ros2_ws/src/ROS-N2/ex10/install/local_setup.bash'
[10.431s] INFO:colcon.colcon_core.shell:Creating prefix chain script '/home/shaman/ros2_ws/src/ROS-N2/ex10/install/setup.bash'
[10.434s] INFO:colcon.colcon_core.shell:Creating prefix script '/home/shaman/ros2_ws/src/ROS-N2/ex10/install/local_setup.zsh'
[10.435s] INFO:colcon.colcon_core.shell:Creating prefix chain script '/home/shaman/ros2_ws/src/ROS-N2/ex10/install/setup.zsh'
